     VMA      LMA     Size Align Out     In      Symbol
       0        0 80200000     1 . = 0x80200000
80200000 80200000      9fc     4 .text
80200000 80200000        e     2         /tmp/kernel-07e886.o:(.text.boot)
80200000 80200000        0     1                 
80200000 80200000        0     1                 
80200000 80200000        0     1                 
80200000 80200000        0     1                 
80200000 80200000        e     1                 boot
8020000e 8020000e        0     1                 
8020000e 8020000e        0     1                 
80200010 80200010      9ec     4         /tmp/kernel-07e886.o:(.text)
80200010 80200010        0     1                 
80200010 80200010        0     1                 
80200010 80200010        0     1                 
80200010 80200010        0     1                 
80200010 80200010        6     1                 sbi_call
80200014 80200014        0     1                 
80200016 80200016        0     1                 
80200016 80200016        0     1                 
80200016 80200016        0     1                 
80200016 80200016        0     1                 
80200016 80200016        0     1                 
80200016 80200016        0     1                 
80200016 80200016       14     1                 putchar
80200028 80200028        0     1                 
80200028 80200028        0     1                 
8020002a 8020002a        0     1                 
8020002a 8020002a        0     1                 
8020002a 8020002a        0     1                 
8020002a 8020002a        0     1                 
8020002a 8020002a        0     1                 
8020002a 8020002a       38     1                 getchar
8020003a 8020003a        0     1                 
8020003a 8020003a        0     1                 
80200042 80200042        0     1                 
80200042 80200042        0     1                 
80200046 80200046        0     1                 
8020004a 8020004a        0     1                 
8020004a 8020004a        0     1                 
8020005e 8020005e        0     1                 
8020005e 8020005e        0     1                 
80200062 80200062        0     1                 
80200062 80200062        0     1                 
80200062 80200062        0     1                 
80200062 80200062        0     1                 
80200062 80200062        0     1                 
80200062 80200062       a4     1                 getstring
80200074 80200074        0     1                 
80200074 80200074        0     1                 
8020007c 8020007c        0     1                 
8020007c 8020007c        0     1                 
80200080 80200080        0     1                 
80200084 80200084        0     1                 
80200086 80200086        0     1                 
80200086 80200086        0     1                 
8020009a 8020009a        0     1                 
8020009e 8020009e        0     1                 
8020009e 8020009e        0     1                 
802000a2 802000a2        0     1                 
802000a8 802000a8        0     1                 
802000ac 802000ac        0     1                 
802000b0 802000b0        0     1                 
802000b0 802000b0        0     1                 
802000c4 802000c4        0     1                 
802000c4 802000c4        0     1                 
802000c8 802000c8        0     1                 
802000cc 802000cc        0     1                 
802000ce 802000ce        0     1                 
802000ce 802000ce        0     1                 
802000e2 802000e2        0     1                 
802000e2 802000e2        0     1                 
802000e4 802000e4        0     1                 
802000e8 802000e8        0     1                 
802000ec 802000ec        0     1                 
802000f0 802000f0        0     1                 
802000f0 802000f0        0     1                 
80200104 80200104        0     1                 
80200104 80200104        0     1                 
80200106 80200106        0     1                 
80200106 80200106        0     1                 
80200106 80200106        0     1                 
80200106 80200106        0     1                 
80200106 80200106        0     1                 
80200106 80200106        0     1                 
80200106 80200106       2a     1                 putstring
8020010a 8020010a        0     1                 
8020011c 8020011c        0     1                 
8020011c 8020011c        0     1                 
80200120 80200120        0     1                 
80200120 80200120        0     1                 
80200126 80200126        0     1                 
80200126 80200126        0     1                 
8020012a 8020012a        0     1                 
8020012e 8020012e        0     1                 
8020012e 8020012e        0     1                 
80200130 80200130        0     1                 
80200130 80200130        0     1                 
80200130 80200130        0     1                 
80200130 80200130        0     1                 
80200130 80200130        0     1                 
80200130 80200130       a4     1                 putnumber
80200132 80200132        0     1                 
80200134 80200134        0     1                 
80200138 80200138        0     1                 
8020013c 8020013c        0     1                 
8020013c 8020013c        0     1                 
80200152 80200152        0     1                 
80200152 80200152        0     1                 
80200156 80200156        0     1                 
80200156 80200156        0     1                 
8020016c 8020016c        0     1                 
8020016c 8020016c        0     1                 
80200170 80200170        0     1                 
80200182 80200182        0     1                 
8020018a 8020018a        0     1                 
80200192 80200192        0     1                 
80200196 80200196        0     1                 
8020019a 8020019a        0     1                 
8020019c 8020019c        0     1                 
802001a0 802001a0        0     1                 
802001a4 802001a4        0     1                 
802001a8 802001a8        0     1                 
802001b8 802001b8        0     1                 
802001c0 802001c0        0     1                 
802001c0 802001c0        0     1                 
802001c6 802001c6        0     1                 
802001c6 802001c6        0     1                 
802001cc 802001cc        0     1                 
802001d0 802001d0        0     1                 
802001d4 802001d4        0     1                 
802001d4 802001d4        0     1                 
802001d4 802001d4        0     1                 
802001d4 802001d4        0     1                 
802001d4 802001d4        0     1                 
802001d4 802001d4       3c     1                 getnumber
802001d6 802001d6        0     1                 
802001d6 802001d6        0     1                 
802001d8 802001d8        0     1                 
802001e2 802001e2        0     1                 
802001e2 802001e2        0     1                 
802001e6 802001e6        0     1                 
802001e8 802001e8        0     1                 
802001ea 802001ea        0     1                 
802001f0 802001f0        0     1                 
802001f8 802001f8        0     1                 
802001fc 802001fc        0     1                 
802001fe 802001fe        0     1                 
80200202 80200202        0     1                 
80200208 80200208        0     1                 
80200208 80200208        0     1                 
8020020a 8020020a        0     1                 
80200210 80200210        0     1                 
80200210 80200210        0     1                 
80200210 80200210        0     1                 
80200210 80200210        0     1                 
80200210 80200210        0     1                 
80200210 80200210      7ec     1                 kernel_main
80200212 80200212        0     1                 
8020022c 8020022c        0     1                 
80200248 80200248        0     1                 
80200248 80200248        0     1                 
8020024c 8020024c        0     1                 
8020024c 8020024c        0     1                 
80200252 80200252        0     1                 
80200252 80200252        0     1                 
8020025a 8020025a        0     1                 
8020025c 8020025c        0     1                 
80200260 80200260        0     1                 
80200260 80200260        0     1                 
802002ba 802002ba        0     1                 
802002ba 802002ba        0     1                 
802002d0 802002d0        0     1                 
802002d0 802002d0        0     1                 
80200310 80200310        0     1                 
80200310 80200310        0     1                 
80200324 80200324        0     1                 
80200324 80200324        0     1                 
80200328 80200328        0     1                 
8020032c 8020032c        0     1                 
8020032c 8020032c        0     1                 
80200340 80200340        0     1                 
80200340 80200340        0     1                 
80200354 80200354        0     1                 
80200354 80200354        0     1                 
80200360 80200360        0     1                 
80200360 80200360        0     1                 
80200376 80200376        0     1                 
8020037c 8020037c        0     1                 
8020037c 8020037c        0     1                 
80200380 80200380        0     1                 
80200380 80200380        0     1                 
80200392 80200392        0     1                 
80200392 80200392        0     1                 
8020039a 8020039a        0     1                 
8020039c 8020039c        0     1                 
802003a0 802003a0        0     1                 
802003a4 802003a4        0     1                 
802003a8 802003a8        0     1                 
802003a8 802003a8        0     1                 
802003be 802003be        0     1                 
802003c0 802003c0        0     1                 
802003c0 802003c0        0     1                 
802003cc 802003cc        0     1                 
802003cc 802003cc        0     1                 
802004bc 802004bc        0     1                 
802004bc 802004bc        0     1                 
802004c2 802004c2        0     1                 
802004c2 802004c2        0     1                 
802004d8 802004d8        0     1                 
802004d8 802004d8        0     1                 
8020059e 8020059e        0     1                 
8020059e 8020059e        0     1                 
802005a6 802005a6        0     1                 
802005a8 802005a8        0     1                 
802005ae 802005ae        0     1                 
802005b4 802005b4        0     1                 
802005bc 802005bc        0     1                 
802005c0 802005c0        0     1                 
802005c4 802005c4        0     1                 
802005cc 802005cc        0     1                 
802005d0 802005d0        0     1                 
802005d8 802005d8        0     1                 
802005d8 802005d8        0     1                 
802005ea 802005ea        0     1                 
802005ea 802005ea        0     1                 
802005f0 802005f0        0     1                 
802005f6 802005f6        0     1                 
802005f8 802005f8        0     1                 
802005f8 802005f8        0     1                 
80200602 80200602        0     1                 
80200602 80200602        0     1                 
80200606 80200606        0     1                 
8020060a 8020060a        0     1                 
80200622 80200622        0     1                 
8020062a 8020062a        0     1                 
8020062e 8020062e        0     1                 
80200630 80200630        0     1                 
80200634 80200634        0     1                 
8020063a 8020063a        0     1                 
8020063a 8020063a        0     1                 
80200650 80200650        0     1                 
80200650 80200650        0     1                 
80200654 80200654        0     1                 
8020065a 8020065a        0     1                 
80200662 80200662        0     1                 
8020066a 8020066a        0     1                 
8020066e 8020066e        0     1                 
80200672 80200672        0     1                 
8020067e 8020067e        0     1                 
80200686 80200686        0     1                 
80200686 80200686        0     1                 
80200698 80200698        0     1                 
80200698 80200698        0     1                 
8020069e 8020069e        0     1                 
802006a4 802006a4        0     1                 
802006a4 802006a4        0     1                 
802006ba 802006ba        0     1                 
802006ba 802006ba        0     1                 
802006d0 802006d0        0     1                 
802006d0 802006d0        0     1                 
802006d6 802006d6        0     1                 
802006da 802006da        0     1                 
802006e0 802006e0        0     1                 
802006e6 802006e6        0     1                 
802006ee 802006ee        0     1                 
802006f2 802006f2        0     1                 
802006f6 802006f6        0     1                 
802006fe 802006fe        0     1                 
80200702 80200702        0     1                 
8020070a 8020070a        0     1                 
8020070a 8020070a        0     1                 
8020071c 8020071c        0     1                 
8020071c 8020071c        0     1                 
80200722 80200722        0     1                 
80200728 80200728        0     1                 
8020073c 8020073c        0     1                 
8020073c 8020073c        0     1                 
8020074e 8020074e        0     1                 
8020074e 8020074e        0     1                 
80200750 80200750        0     1                 
80200756 80200756        0     1                 
80200756 80200756        0     1                 
8020075a 8020075a        0     1                 
8020075a 8020075a        0     1                 
8020076c 8020076c        0     1                 
8020076c 8020076c        0     1                 
80200774 80200774        0     1                 
80200776 80200776        0     1                 
8020077c 8020077c        0     1                 
8020077c 8020077c        0     1                 
80200784 80200784        0     1                 
80200784 80200784        0     1                 
80200788 80200788        0     1                 
80200788 80200788        0     1                 
8020079a 8020079a        0     1                 
8020079a 8020079a        0     1                 
802007a2 802007a2        0     1                 
802007a4 802007a4        0     1                 
802007a8 802007a8        0     1                 
802007a8 802007a8        0     1                 
802007ae 802007ae        0     1                 
802007ae 802007ae        0     1                 
802007b0 802007b0        0     1                 
802007b6 802007b6        0     1                 
802007bc 802007bc        0     1                 
802007c4 802007c4        0     1                 
802007c8 802007c8        0     1                 
802007cc 802007cc        0     1                 
802007d4 802007d4        0     1                 
802007d8 802007d8        0     1                 
802007e0 802007e0        0     1                 
802007e0 802007e0        0     1                 
802007f2 802007f2        0     1                 
802007f2 802007f2        0     1                 
802007f8 802007f8        0     1                 
802007fe 802007fe        0     1                 
802007fe 802007fe        0     1                 
80200814 80200814        0     1                 
80200814 80200814        0     1                 
802008c2 802008c2        0     1                 
802008c2 802008c2        0     1                 
802008ca 802008ca        0     1                 
802008ca 802008ca        0     1                 
802008cc 802008cc        0     1                 
802008d2 802008d2        0     1                 
802008d8 802008d8        0     1                 
802008e0 802008e0        0     1                 
802008e4 802008e4        0     1                 
802008e8 802008e8        0     1                 
802008f0 802008f0        0     1                 
802008f4 802008f4        0     1                 
802008fc 802008fc        0     1                 
802008fc 802008fc        0     1                 
8020090e 8020090e        0     1                 
8020090e 8020090e        0     1                 
80200914 80200914        0     1                 
8020091a 8020091a        0     1                 
8020091a 8020091a        0     1                 
80200930 80200930        0     1                 
80200930 80200930        0     1                 
802009c8 802009c8        0     1                 
802009ca 802009ca        0     1                 
802009ca 802009ca        0     1                 
802009ce 802009ce        0     1                 
802009d0 802009d0        0     1                 
802009d4 802009d4        0     1                 
802009d8 802009d8        0     1                 
802009dc 802009dc        0     1                 
802009dc 802009dc        0     1                 
802009e0 802009e0        0     1                 
802009e0 802009e0        0     1                 
802009f2 802009f2        0     1                 
802009f2 802009f2        0     1                 
802009f6 802009f6        0     1                 
802009fc 802009fc        0     1                 
802009fc 802009fc        0     1                 
802009fc 802009fc       cb     4 .rodata
802009fc 802009fc       cb     1         <internal>:(.rodata)
80200ac8 80200ac8        0     4 .bss
80200ac8 80200ac8        0     1         __bss = .
80200ac8 80200ac8        0     1         __bss_end = .
80200ac8 80200ac8        0     1 . = ALIGN ( 4 )
80200ac8 80200ac8    20000     1 . += 128 * 1024
80220ac8 80220ac8        0     1 __stack_top = .
       0        0      ed9     1 .debug_loclists
       0        0      ed9     1         /tmp/kernel-07e886.o:(.debug_loclists)
       c        c        0     1                 
       0        0      1ae     1 .debug_abbrev
       0        0      1ae     1         /tmp/kernel-07e886.o:(.debug_abbrev)
       0        0     1818     1 .debug_info
       0        0     1818     1         /tmp/kernel-07e886.o:(.debug_info)
       0        0       7e     1 .debug_rnglists
       0        0       7e     1         /tmp/kernel-07e886.o:(.debug_rnglists)
       c        c        0     1                 
       0        0       c4     1 .debug_str_offsets
       0        0       c4     1         /tmp/kernel-07e886.o:(.debug_str_offsets)
       8        8        0     1                 
       0        0      14b     1 .debug_str
       0        0      14b     1         <internal>:(.debug_str)
       0        0       f4     1 .debug_addr
       0        0       f4     1         /tmp/kernel-07e886.o:(.debug_addr)
       8        8        0     1                 
       0        0       42     1 .comment
       0        0       42     1         <internal>:(.comment)
       0        0       2b     1 .riscv.attributes
       0        0       2b     1         /tmp/kernel-07e886.o:(.riscv.attributes)
       0        0       d0     4 .debug_frame
       0        0       d0     4         /tmp/kernel-07e886.o:(.debug_frame)
       0        0        0     1                 
       0        0      742     1 .debug_line
       0        0      742     1         /tmp/kernel-07e886.o:(.debug_line)
       0        0        0     1                 .Lline_table_start0
       0        0       30     1 .debug_line_str
       0        0       30     1         <internal>:(.debug_line_str)
       0        0     19a0     4 .symtab
       0        0     19a0     4         <internal>:(.symtab)
       0        0       d6     1 .shstrtab
       0        0       d6     1         <internal>:(.shstrtab)
       0        0       8c     1 .strtab
       0        0       8c     1         <internal>:(.strtab)
