     VMA      LMA     Size Align Out     In      Symbol
       0        0 80200000     1 . = 0x80200000
80200000 80200000      5b0     4 .text
80200000 80200000        e     2         /tmp/kernel-13bc9c.o:(.text.boot)
80200000 80200000        0     1                 
80200000 80200000        0     1                 
80200000 80200000        0     1                 
80200000 80200000        0     1                 
80200000 80200000        e     1                 boot
8020000e 8020000e        0     1                 
8020000e 8020000e        0     1                 
80200010 80200010      5a0     4         /tmp/kernel-13bc9c.o:(.text)
80200010 80200010        0     1                 
80200010 80200010        0     1                 
80200010 80200010        0     1                 
80200010 80200010        0     1                 
80200010 80200010        6     1                 sbi_call
80200014 80200014        0     1                 
80200016 80200016        0     1                 
80200016 80200016        0     1                 
80200016 80200016        0     1                 
80200016 80200016        0     1                 
80200016 80200016        0     1                 
80200016 80200016        0     1                 
80200016 80200016       14     1                 putchar
80200028 80200028        0     1                 
80200028 80200028        0     1                 
8020002a 8020002a        0     1                 
8020002a 8020002a        0     1                 
8020002a 8020002a        0     1                 
8020002a 8020002a        0     1                 
8020002a 8020002a        0     1                 
8020002a 8020002a       22     1                 getchar
8020003a 8020003a        0     1                 
8020003a 8020003a        0     1                 
80200042 80200042        0     1                 
80200042 80200042        0     1                 
80200046 80200046        0     1                 
8020004a 8020004a        0     1                 
8020004c 8020004c        0     1                 
8020004c 8020004c        0     1                 
8020004c 8020004c        0     1                 
8020004c 8020004c        0     1                 
8020004c 8020004c        0     1                 
8020004c 8020004c        0     1                 
8020004c 8020004c       2a     1                 putstring
80200050 80200050        0     1                 
80200062 80200062        0     1                 
80200062 80200062        0     1                 
80200066 80200066        0     1                 
80200066 80200066        0     1                 
8020006c 8020006c        0     1                 
8020006c 8020006c        0     1                 
80200070 80200070        0     1                 
80200074 80200074        0     1                 
80200074 80200074        0     1                 
80200076 80200076        0     1                 
80200076 80200076        0     1                 
80200076 80200076        0     1                 
80200076 80200076        0     1                 
80200076 80200076        0     1                 
80200076 80200076       a4     1                 putnumber
80200078 80200078        0     1                 
8020007a 8020007a        0     1                 
8020007e 8020007e        0     1                 
80200082 80200082        0     1                 
80200082 80200082        0     1                 
80200098 80200098        0     1                 
80200098 80200098        0     1                 
8020009c 8020009c        0     1                 
8020009c 8020009c        0     1                 
802000b2 802000b2        0     1                 
802000b2 802000b2        0     1                 
802000b6 802000b6        0     1                 
802000c8 802000c8        0     1                 
802000d0 802000d0        0     1                 
802000d8 802000d8        0     1                 
802000dc 802000dc        0     1                 
802000e0 802000e0        0     1                 
802000e2 802000e2        0     1                 
802000e6 802000e6        0     1                 
802000ea 802000ea        0     1                 
802000ee 802000ee        0     1                 
802000fe 802000fe        0     1                 
80200106 80200106        0     1                 
80200106 80200106        0     1                 
8020010c 8020010c        0     1                 
8020010c 8020010c        0     1                 
80200112 80200112        0     1                 
80200116 80200116        0     1                 
8020011a 8020011a        0     1                 
8020011a 8020011a        0     1                 
8020011a 8020011a        0     1                 
8020011a 8020011a        0     1                 
8020011a 8020011a        0     1                 
8020011a 8020011a      496     1                 kernel_main
8020011c 8020011c        0     1                 
8020012a 8020012a        0     1                 
80200146 80200146        0     1                 
80200146 80200146        0     1                 
8020014a 8020014a        0     1                 
8020014a 8020014a        0     1                 
80200150 80200150        0     1                 
80200150 80200150        0     1                 
80200158 80200158        0     1                 
8020015a 8020015a        0     1                 
8020015e 8020015e        0     1                 
8020015e 8020015e        0     1                 
80200192 80200192        0     1                 
80200192 80200192        0     1                 
802001a8 802001a8        0     1                 
802001a8 802001a8        0     1                 
802001e8 802001e8        0     1                 
802001e8 802001e8        0     1                 
802001fc 802001fc        0     1                 
802001fc 802001fc        0     1                 
80200200 80200200        0     1                 
80200204 80200204        0     1                 
80200204 80200204        0     1                 
80200218 80200218        0     1                 
80200218 80200218        0     1                 
8020022c 8020022c        0     1                 
8020022c 8020022c        0     1                 
80200238 80200238        0     1                 
80200238 80200238        0     1                 
80200328 80200328        0     1                 
80200328 80200328        0     1                 
8020032e 8020032e        0     1                 
8020032e 8020032e        0     1                 
80200344 80200344        0     1                 
80200344 80200344        0     1                 
8020040a 8020040a        0     1                 
8020040a 8020040a        0     1                 
80200412 80200412        0     1                 
80200414 80200414        0     1                 
8020041a 8020041a        0     1                 
80200420 80200420        0     1                 
80200428 80200428        0     1                 
8020042c 8020042c        0     1                 
80200430 80200430        0     1                 
80200438 80200438        0     1                 
8020043c 8020043c        0     1                 
80200444 80200444        0     1                 
80200444 80200444        0     1                 
80200456 80200456        0     1                 
80200456 80200456        0     1                 
8020045c 8020045c        0     1                 
80200462 80200462        0     1                 
80200462 80200462        0     1                 
80200478 80200478        0     1                 
8020047e 8020047e        0     1                 
8020047e 8020047e        0     1                 
80200482 80200482        0     1                 
80200482 80200482        0     1                 
80200494 80200494        0     1                 
80200494 80200494        0     1                 
8020049c 8020049c        0     1                 
8020049e 8020049e        0     1                 
802004a2 802004a2        0     1                 
802004a2 802004a2        0     1                 
802004a6 802004a6        0     1                 
802004aa 802004aa        0     1                 
802004aa 802004aa        0     1                 
802004c0 802004c0        0     1                 
802004c2 802004c2        0     1                 
802004c2 802004c2        0     1                 
802004d8 802004d8        0     1                 
802004d8 802004d8        0     1                 
802004ee 802004ee        0     1                 
802004ee 802004ee        0     1                 
802004f4 802004f4        0     1                 
802004f8 802004f8        0     1                 
802004fe 802004fe        0     1                 
80200504 80200504        0     1                 
8020050c 8020050c        0     1                 
80200510 80200510        0     1                 
80200514 80200514        0     1                 
8020051c 8020051c        0     1                 
80200520 80200520        0     1                 
80200528 80200528        0     1                 
80200528 80200528        0     1                 
8020053a 8020053a        0     1                 
8020053a 8020053a        0     1                 
80200540 80200540        0     1                 
80200546 80200546        0     1                 
80200546 80200546        0     1                 
8020055c 8020055c        0     1                 
8020055c 8020055c        0     1                 
80200560 80200560        0     1                 
80200566 80200566        0     1                 
8020056e 8020056e        0     1                 
80200576 80200576        0     1                 
8020057a 8020057a        0     1                 
8020057e 8020057e        0     1                 
8020058a 8020058a        0     1                 
80200592 80200592        0     1                 
80200592 80200592        0     1                 
802005a4 802005a4        0     1                 
802005a4 802005a4        0     1                 
802005aa 802005aa        0     1                 
802005b0 802005b0        0     1                 
802005b0 802005b0        0     1                 
802005b0 802005b0        0     1                 
802005b0 802005b0       91     4 .rodata
802005b0 802005b0       91     1         <internal>:(.rodata)
80200644 80200644        0     4 .bss
80200644 80200644        0     1         __bss = .
80200644 80200644        0     1         __bss_end = .
80200644 80200644        0     1 . = ALIGN ( 4 )
80200644 80200644    20000     1 . += 128 * 1024
80220644 80220644        0     1 __stack_top = .
       0        0      891     1 .debug_loclists
       0        0      891     1         /tmp/kernel-13bc9c.o:(.debug_loclists)
       c        c        0     1                 
       0        0      18f     1 .debug_abbrev
       0        0      18f     1         /tmp/kernel-13bc9c.o:(.debug_abbrev)
       0        0      edd     1 .debug_info
       0        0      edd     1         /tmp/kernel-13bc9c.o:(.debug_info)
       0        0       4b     1 .debug_rnglists
       0        0       4b     1         /tmp/kernel-13bc9c.o:(.debug_rnglists)
       c        c        0     1                 
       0        0       b8     1 .debug_str_offsets
       0        0       b8     1         /tmp/kernel-13bc9c.o:(.debug_str_offsets)
       8        8        0     1                 
       0        0      133     1 .debug_str
       0        0      133     1         <internal>:(.debug_str)
       0        0       8c     1 .debug_addr
       0        0       8c     1         /tmp/kernel-13bc9c.o:(.debug_addr)
       8        8        0     1                 
       0        0       42     1 .comment
       0        0       42     1         <internal>:(.comment)
       0        0       2b     1 .riscv.attributes
       0        0       2b     1         /tmp/kernel-13bc9c.o:(.riscv.attributes)
       0        0       9c     4 .debug_frame
       0        0       9c     4         /tmp/kernel-13bc9c.o:(.debug_frame)
       0        0        0     1                 
       0        0      403     1 .debug_line
       0        0      403     1         /tmp/kernel-13bc9c.o:(.debug_line)
       0        0        0     1                 .Lline_table_start0
       0        0       30     1 .debug_line_str
       0        0       30     1         <internal>:(.debug_line_str)
       0        0      fd0     4 .symtab
       0        0      fd0     4         <internal>:(.symtab)
       0        0       d6     1 .shstrtab
       0        0       d6     1         <internal>:(.shstrtab)
       0        0       78     1 .strtab
       0        0       78     1         <internal>:(.strtab)
