     VMA      LMA     Size Align Out     In      Symbol
       0        0 80200000     1 . = 0x80200000
80200000 80200000      7d6     4 .text
80200000 80200000        e     2         /tmp/kernel-e756df.o:(.text.boot)
80200000 80200000        0     1                 
80200000 80200000        0     1                 
80200000 80200000        0     1                 
80200000 80200000        0     1                 
80200000 80200000        e     1                 boot
8020000e 8020000e        0     1                 
8020000e 8020000e        0     1                 
80200010 80200010      7c6     4         /tmp/kernel-e756df.o:(.text)
80200010 80200010        0     1                 
80200010 80200010        0     1                 
80200010 80200010        0     1                 
80200010 80200010        0     1                 
80200010 80200010        6     1                 sbi_call
80200014 80200014        0     1                 
80200016 80200016        0     1                 
80200016 80200016        0     1                 
80200016 80200016        0     1                 
80200016 80200016        0     1                 
80200016 80200016        0     1                 
80200016 80200016        0     1                 
80200016 80200016       14     1                 putchar
80200028 80200028        0     1                 
80200028 80200028        0     1                 
8020002a 8020002a        0     1                 
8020002a 8020002a        0     1                 
8020002a 8020002a        0     1                 
8020002a 8020002a        0     1                 
8020002a 8020002a        0     1                 
8020002a 8020002a       38     1                 getchar
8020003a 8020003a        0     1                 
8020003a 8020003a        0     1                 
80200042 80200042        0     1                 
80200042 80200042        0     1                 
80200046 80200046        0     1                 
8020004a 8020004a        0     1                 
8020004a 8020004a        0     1                 
8020005e 8020005e        0     1                 
8020005e 8020005e        0     1                 
80200062 80200062        0     1                 
80200062 80200062        0     1                 
80200062 80200062        0     1                 
80200062 80200062        0     1                 
80200062 80200062        0     1                 
80200062 80200062       a4     1                 getstring
80200074 80200074        0     1                 
80200074 80200074        0     1                 
8020007c 8020007c        0     1                 
8020007c 8020007c        0     1                 
80200080 80200080        0     1                 
80200084 80200084        0     1                 
80200086 80200086        0     1                 
80200086 80200086        0     1                 
8020009a 8020009a        0     1                 
8020009e 8020009e        0     1                 
8020009e 8020009e        0     1                 
802000a2 802000a2        0     1                 
802000a8 802000a8        0     1                 
802000ac 802000ac        0     1                 
802000b0 802000b0        0     1                 
802000b0 802000b0        0     1                 
802000c4 802000c4        0     1                 
802000c4 802000c4        0     1                 
802000c8 802000c8        0     1                 
802000cc 802000cc        0     1                 
802000ce 802000ce        0     1                 
802000ce 802000ce        0     1                 
802000e2 802000e2        0     1                 
802000e2 802000e2        0     1                 
802000e4 802000e4        0     1                 
802000e8 802000e8        0     1                 
802000ec 802000ec        0     1                 
802000f0 802000f0        0     1                 
802000f0 802000f0        0     1                 
80200104 80200104        0     1                 
80200104 80200104        0     1                 
80200106 80200106        0     1                 
80200106 80200106        0     1                 
80200106 80200106        0     1                 
80200106 80200106        0     1                 
80200106 80200106        0     1                 
80200106 80200106        0     1                 
80200106 80200106       2a     1                 putstring
8020010a 8020010a        0     1                 
8020011c 8020011c        0     1                 
8020011c 8020011c        0     1                 
80200120 80200120        0     1                 
80200120 80200120        0     1                 
80200126 80200126        0     1                 
80200126 80200126        0     1                 
8020012a 8020012a        0     1                 
8020012e 8020012e        0     1                 
8020012e 8020012e        0     1                 
80200130 80200130        0     1                 
80200130 80200130        0     1                 
80200130 80200130        0     1                 
80200130 80200130        0     1                 
80200130 80200130        0     1                 
80200130 80200130       a4     1                 putnumber
80200132 80200132        0     1                 
80200134 80200134        0     1                 
80200138 80200138        0     1                 
8020013c 8020013c        0     1                 
8020013c 8020013c        0     1                 
80200152 80200152        0     1                 
80200152 80200152        0     1                 
80200156 80200156        0     1                 
80200156 80200156        0     1                 
8020016c 8020016c        0     1                 
8020016c 8020016c        0     1                 
80200170 80200170        0     1                 
80200182 80200182        0     1                 
8020018a 8020018a        0     1                 
80200192 80200192        0     1                 
80200196 80200196        0     1                 
8020019a 8020019a        0     1                 
8020019c 8020019c        0     1                 
802001a0 802001a0        0     1                 
802001a4 802001a4        0     1                 
802001a8 802001a8        0     1                 
802001b8 802001b8        0     1                 
802001c0 802001c0        0     1                 
802001c0 802001c0        0     1                 
802001c6 802001c6        0     1                 
802001c6 802001c6        0     1                 
802001cc 802001cc        0     1                 
802001d0 802001d0        0     1                 
802001d4 802001d4        0     1                 
802001d4 802001d4        0     1                 
802001d4 802001d4        0     1                 
802001d4 802001d4        0     1                 
802001d4 802001d4        0     1                 
802001d4 802001d4       68     1                 getnumber
802001d6 802001d6        0     1                 
802001d6 802001d6        0     1                 
802001d8 802001d8        0     1                 
802001e2 802001e2        0     1                 
802001e2 802001e2        0     1                 
802001e6 802001e6        0     1                 
802001fc 802001fc        0     1                 
802001fc 802001fc        0     1                 
80200200 80200200        0     1                 
80200200 80200200        0     1                 
80200206 80200206        0     1                 
80200206 80200206        0     1                 
8020020a 8020020a        0     1                 
8020020e 8020020e        0     1                 
8020020e 8020020e        0     1                 
80200210 80200210        0     1                 
80200210 80200210        0     1                 
8020021a 8020021a        0     1                 
80200222 80200222        0     1                 
80200226 80200226        0     1                 
80200228 80200228        0     1                 
8020022c 8020022c        0     1                 
80200234 80200234        0     1                 
80200234 80200234        0     1                 
80200236 80200236        0     1                 
8020023c 8020023c        0     1                 
8020023c 8020023c        0     1                 
8020023c 8020023c        0     1                 
8020023c 8020023c        0     1                 
8020023c 8020023c        0     1                 
8020023c 8020023c      59a     1                 kernel_main
8020023e 8020023e        0     1                 
80200258 80200258        0     1                 
80200274 80200274        0     1                 
80200274 80200274        0     1                 
80200278 80200278        0     1                 
80200278 80200278        0     1                 
8020027e 8020027e        0     1                 
8020027e 8020027e        0     1                 
80200286 80200286        0     1                 
80200288 80200288        0     1                 
8020028c 8020028c        0     1                 
8020028c 8020028c        0     1                 
802002c4 802002c4        0     1                 
802002c4 802002c4        0     1                 
802002da 802002da        0     1                 
802002da 802002da        0     1                 
8020031a 8020031a        0     1                 
8020031a 8020031a        0     1                 
8020032e 8020032e        0     1                 
8020032e 8020032e        0     1                 
80200332 80200332        0     1                 
80200336 80200336        0     1                 
80200336 80200336        0     1                 
8020034a 8020034a        0     1                 
8020034a 8020034a        0     1                 
8020035e 8020035e        0     1                 
8020035e 8020035e        0     1                 
8020036a 8020036a        0     1                 
8020036a 8020036a        0     1                 
80200380 80200380        0     1                 
80200386 80200386        0     1                 
80200386 80200386        0     1                 
8020038a 8020038a        0     1                 
8020038a 8020038a        0     1                 
8020039c 8020039c        0     1                 
8020039c 8020039c        0     1                 
802003a4 802003a4        0     1                 
802003a6 802003a6        0     1                 
802003aa 802003aa        0     1                 
802003ae 802003ae        0     1                 
802003b2 802003b2        0     1                 
802003b2 802003b2        0     1                 
802003c8 802003c8        0     1                 
802003ca 802003ca        0     1                 
802003ca 802003ca        0     1                 
802003d6 802003d6        0     1                 
802003d6 802003d6        0     1                 
802004c6 802004c6        0     1                 
802004c6 802004c6        0     1                 
802004cc 802004cc        0     1                 
802004cc 802004cc        0     1                 
802004e2 802004e2        0     1                 
802004e2 802004e2        0     1                 
802005a8 802005a8        0     1                 
802005a8 802005a8        0     1                 
802005b0 802005b0        0     1                 
802005b4 802005b4        0     1                 
802005ba 802005ba        0     1                 
802005c0 802005c0        0     1                 
802005c8 802005c8        0     1                 
802005cc 802005cc        0     1                 
802005d0 802005d0        0     1                 
802005d8 802005d8        0     1                 
802005dc 802005dc        0     1                 
802005e4 802005e4        0     1                 
802005e4 802005e4        0     1                 
802005f6 802005f6        0     1                 
802005f6 802005f6        0     1                 
802005fc 802005fc        0     1                 
80200602 80200602        0     1                 
80200602 80200602        0     1                 
8020060c 8020060c        0     1                 
8020060c 8020060c        0     1                 
80200610 80200610        0     1                 
80200614 80200614        0     1                 
8020061a 8020061a        0     1                 
8020061a 8020061a        0     1                 
8020061e 8020061e        0     1                 
8020061e 8020061e        0     1                 
80200630 80200630        0     1                 
80200630 80200630        0     1                 
80200634 80200634        0     1                 
80200638 80200638        0     1                 
80200638 80200638        0     1                 
80200642 80200642        0     1                 
80200642 80200642        0     1                 
8020064a 8020064a        0     1                 
8020064e 8020064e        0     1                 
80200650 80200650        0     1                 
80200654 80200654        0     1                 
80200658 80200658        0     1                 
80200658 80200658        0     1                 
8020065c 8020065c        0     1                 
80200662 80200662        0     1                 
80200662 80200662        0     1                 
80200678 80200678        0     1                 
80200678 80200678        0     1                 
8020067c 8020067c        0     1                 
80200682 80200682        0     1                 
8020068a 8020068a        0     1                 
80200692 80200692        0     1                 
80200696 80200696        0     1                 
8020069a 8020069a        0     1                 
802006a6 802006a6        0     1                 
802006ae 802006ae        0     1                 
802006ae 802006ae        0     1                 
802006c0 802006c0        0     1                 
802006c0 802006c0        0     1                 
802006c6 802006c6        0     1                 
802006cc 802006cc        0     1                 
802006cc 802006cc        0     1                 
802006e2 802006e2        0     1                 
802006e2 802006e2        0     1                 
802006f8 802006f8        0     1                 
802006f8 802006f8        0     1                 
802006fe 802006fe        0     1                 
80200702 80200702        0     1                 
80200708 80200708        0     1                 
8020070e 8020070e        0     1                 
80200716 80200716        0     1                 
8020071a 8020071a        0     1                 
8020071e 8020071e        0     1                 
80200726 80200726        0     1                 
8020072a 8020072a        0     1                 
80200732 80200732        0     1                 
80200732 80200732        0     1                 
80200744 80200744        0     1                 
80200744 80200744        0     1                 
8020074a 8020074a        0     1                 
80200750 80200750        0     1                 
80200754 80200754        0     1                 
80200754 80200754        0     1                 
8020076a 8020076a        0     1                 
8020076c 8020076c        0     1                 
8020076c 8020076c        0     1                 
80200782 80200782        0     1                 
80200782 80200782        0     1                 
80200786 80200786        0     1                 
8020078c 8020078c        0     1                 
80200794 80200794        0     1                 
8020079c 8020079c        0     1                 
802007a0 802007a0        0     1                 
802007a4 802007a4        0     1                 
802007b0 802007b0        0     1                 
802007b8 802007b8        0     1                 
802007b8 802007b8        0     1                 
802007ca 802007ca        0     1                 
802007ca 802007ca        0     1                 
802007d0 802007d0        0     1                 
802007d6 802007d6        0     1                 
802007d6 802007d6        0     1                 
802007d6 802007d6        0     1                 
802007d8 802007d8       91     4 .rodata
802007d8 802007d8       91     1         <internal>:(.rodata)
8020086c 8020086c        0     4 .bss
8020086c 8020086c        0     1         __bss = .
8020086c 8020086c        0     1         __bss_end = .
8020086c 8020086c        0     1 . = ALIGN ( 4 )
8020086c 8020086c    20000     1 . += 128 * 1024
8022086c 8022086c        0     1 __stack_top = .
       0        0      b70     1 .debug_loclists
       0        0      b70     1         /tmp/kernel-e756df.o:(.debug_loclists)
       c        c        0     1                 
       0        0      1a7     1 .debug_abbrev
       0        0      1a7     1         /tmp/kernel-e756df.o:(.debug_abbrev)
       0        0     1525     1 .debug_info
       0        0     1525     1         /tmp/kernel-e756df.o:(.debug_info)
       0        0       5c     1 .debug_rnglists
       0        0       5c     1         /tmp/kernel-e756df.o:(.debug_rnglists)
       c        c        0     1                 
       0        0       c0     1 .debug_str_offsets
       0        0       c0     1         /tmp/kernel-e756df.o:(.debug_str_offsets)
       8        8        0     1                 
       0        0      147     1 .debug_str
       0        0      147     1         <internal>:(.debug_str)
       0        0       dc     1 .debug_addr
       0        0       dc     1         /tmp/kernel-e756df.o:(.debug_addr)
       8        8        0     1                 
       0        0       42     1 .comment
       0        0       42     1         <internal>:(.comment)
       0        0       2b     1 .riscv.attributes
       0        0       2b     1         /tmp/kernel-e756df.o:(.riscv.attributes)
       0        0       d0     4 .debug_frame
       0        0       d0     4         /tmp/kernel-e756df.o:(.debug_frame)
       0        0        0     1                 
       0        0      64d     1 .debug_line
       0        0      64d     1         /tmp/kernel-e756df.o:(.debug_line)
       0        0        0     1                 .Lline_table_start0
       0        0       30     1 .debug_line_str
       0        0       30     1         <internal>:(.debug_line_str)
       0        0     1730     4 .symtab
       0        0     1730     4         <internal>:(.symtab)
       0        0       d6     1 .shstrtab
       0        0       d6     1         <internal>:(.shstrtab)
       0        0       8c     1 .strtab
       0        0       8c     1         <internal>:(.strtab)
