     VMA      LMA     Size Align Out     In      Symbol
       0        0 80200000     1 . = 0x80200000
80200000 80200000      a4e     4 .text
80200000 80200000        e     2         /tmp/kernel-d4eef3.o:(.text.boot)
80200000 80200000        0     1                 
80200000 80200000        0     1                 
80200000 80200000        0     1                 
80200000 80200000        0     1                 
80200000 80200000        e     1                 boot
8020000e 8020000e        0     1                 
8020000e 8020000e        0     1                 
80200010 80200010      a3e     4         /tmp/kernel-d4eef3.o:(.text)
80200010 80200010        0     1                 
80200010 80200010        0     1                 
80200010 80200010        0     1                 
80200010 80200010        0     1                 
80200010 80200010        6     1                 sbi_call
80200014 80200014        0     1                 
80200016 80200016        0     1                 
80200016 80200016        0     1                 
80200016 80200016        0     1                 
80200016 80200016        0     1                 
80200016 80200016        0     1                 
80200016 80200016        0     1                 
80200016 80200016       14     1                 putchar
80200028 80200028        0     1                 
80200028 80200028        0     1                 
8020002a 8020002a        0     1                 
8020002a 8020002a        0     1                 
8020002a 8020002a        0     1                 
8020002a 8020002a        0     1                 
8020002a 8020002a        0     1                 
8020002a 8020002a       38     1                 getchar
8020003a 8020003a        0     1                 
8020003a 8020003a        0     1                 
80200042 80200042        0     1                 
80200042 80200042        0     1                 
80200046 80200046        0     1                 
8020004a 8020004a        0     1                 
8020004a 8020004a        0     1                 
8020005e 8020005e        0     1                 
8020005e 8020005e        0     1                 
80200062 80200062        0     1                 
80200062 80200062        0     1                 
80200062 80200062        0     1                 
80200062 80200062        0     1                 
80200062 80200062        0     1                 
80200062 80200062       a4     1                 getstring
80200074 80200074        0     1                 
80200074 80200074        0     1                 
8020007c 8020007c        0     1                 
8020007c 8020007c        0     1                 
80200080 80200080        0     1                 
80200084 80200084        0     1                 
80200086 80200086        0     1                 
80200086 80200086        0     1                 
8020009a 8020009a        0     1                 
8020009e 8020009e        0     1                 
8020009e 8020009e        0     1                 
802000a2 802000a2        0     1                 
802000a8 802000a8        0     1                 
802000ac 802000ac        0     1                 
802000b0 802000b0        0     1                 
802000b0 802000b0        0     1                 
802000c4 802000c4        0     1                 
802000c4 802000c4        0     1                 
802000c8 802000c8        0     1                 
802000cc 802000cc        0     1                 
802000ce 802000ce        0     1                 
802000ce 802000ce        0     1                 
802000e2 802000e2        0     1                 
802000e2 802000e2        0     1                 
802000e4 802000e4        0     1                 
802000e8 802000e8        0     1                 
802000ec 802000ec        0     1                 
802000f0 802000f0        0     1                 
802000f0 802000f0        0     1                 
80200104 80200104        0     1                 
80200104 80200104        0     1                 
80200106 80200106        0     1                 
80200106 80200106        0     1                 
80200106 80200106        0     1                 
80200106 80200106        0     1                 
80200106 80200106        0     1                 
80200106 80200106        0     1                 
80200106 80200106       2a     1                 putstring
8020010a 8020010a        0     1                 
8020011c 8020011c        0     1                 
8020011c 8020011c        0     1                 
80200120 80200120        0     1                 
80200120 80200120        0     1                 
80200126 80200126        0     1                 
80200126 80200126        0     1                 
8020012a 8020012a        0     1                 
8020012e 8020012e        0     1                 
8020012e 8020012e        0     1                 
80200130 80200130        0     1                 
80200130 80200130        0     1                 
80200130 80200130        0     1                 
80200130 80200130        0     1                 
80200130 80200130        0     1                 
80200130 80200130       a4     1                 putnumber
80200132 80200132        0     1                 
80200134 80200134        0     1                 
80200138 80200138        0     1                 
8020013c 8020013c        0     1                 
8020013c 8020013c        0     1                 
80200152 80200152        0     1                 
80200152 80200152        0     1                 
80200156 80200156        0     1                 
80200156 80200156        0     1                 
8020016c 8020016c        0     1                 
8020016c 8020016c        0     1                 
80200170 80200170        0     1                 
80200182 80200182        0     1                 
8020018a 8020018a        0     1                 
80200192 80200192        0     1                 
80200196 80200196        0     1                 
8020019a 8020019a        0     1                 
8020019c 8020019c        0     1                 
802001a0 802001a0        0     1                 
802001a4 802001a4        0     1                 
802001a8 802001a8        0     1                 
802001b8 802001b8        0     1                 
802001c0 802001c0        0     1                 
802001c0 802001c0        0     1                 
802001c6 802001c6        0     1                 
802001c6 802001c6        0     1                 
802001cc 802001cc        0     1                 
802001d0 802001d0        0     1                 
802001d4 802001d4        0     1                 
802001d4 802001d4        0     1                 
802001d4 802001d4        0     1                 
802001d4 802001d4        0     1                 
802001d4 802001d4        0     1                 
802001d4 802001d4       3c     1                 getnumber
802001d6 802001d6        0     1                 
802001d6 802001d6        0     1                 
802001d8 802001d8        0     1                 
802001e2 802001e2        0     1                 
802001e2 802001e2        0     1                 
802001e6 802001e6        0     1                 
802001e8 802001e8        0     1                 
802001ea 802001ea        0     1                 
802001f0 802001f0        0     1                 
802001f8 802001f8        0     1                 
802001fc 802001fc        0     1                 
802001fe 802001fe        0     1                 
80200202 80200202        0     1                 
80200208 80200208        0     1                 
80200208 80200208        0     1                 
8020020a 8020020a        0     1                 
80200210 80200210        0     1                 
80200210 80200210        0     1                 
80200210 80200210        0     1                 
80200210 80200210        0     1                 
80200210 80200210        0     1                 
80200210 80200210      83e     1                 kernel_main
80200212 80200212        0     1                 
8020022c 8020022c        0     1                 
80200248 80200248        0     1                 
80200248 80200248        0     1                 
8020024c 8020024c        0     1                 
8020024c 8020024c        0     1                 
80200252 80200252        0     1                 
80200252 80200252        0     1                 
8020025a 8020025a        0     1                 
8020025c 8020025c        0     1                 
80200260 80200260        0     1                 
80200260 80200260        0     1                 
802002c4 802002c4        0     1                 
802002c4 802002c4        0     1                 
802003b4 802003b4        0     1                 
802003b4 802003b4        0     1                 
802003c8 802003c8        0     1                 
802003c8 802003c8        0     1                 
80200408 80200408        0     1                 
80200408 80200408        0     1                 
8020041c 8020041c        0     1                 
8020041c 8020041c        0     1                 
80200420 80200420        0     1                 
80200424 80200424        0     1                 
80200424 80200424        0     1                 
80200438 80200438        0     1                 
80200438 80200438        0     1                 
8020044c 8020044c        0     1                 
8020044c 8020044c        0     1                 
80200458 80200458        0     1                 
80200458 80200458        0     1                 
8020046e 8020046e        0     1                 
80200474 80200474        0     1                 
80200474 80200474        0     1                 
80200478 80200478        0     1                 
80200478 80200478        0     1                 
8020048a 8020048a        0     1                 
8020048a 8020048a        0     1                 
80200492 80200492        0     1                 
80200494 80200494        0     1                 
80200498 80200498        0     1                 
8020049c 8020049c        0     1                 
802004a0 802004a0        0     1                 
802004a0 802004a0        0     1                 
802004b6 802004b6        0     1                 
802004b8 802004b8        0     1                 
802004b8 802004b8        0     1                 
802004c4 802004c4        0     1                 
802004ce 802004ce        0     1                 
802004ce 802004ce        0     1                 
802004d2 802004d2        0     1                 
802004d2 802004d2        0     1                 
802004e4 802004e4        0     1                 
802004e4 802004e4        0     1                 
802004ec 802004ec        0     1                 
802004ee 802004ee        0     1                 
802004f2 802004f2        0     1                 
802004f2 802004f2        0     1                 
802004fc 802004fc        0     1                 
802004fc 802004fc        0     1                 
80200504 80200504        0     1                 
80200522 80200522        0     1                 
8020052a 8020052a        0     1                 
8020052e 8020052e        0     1                 
80200530 80200530        0     1                 
80200534 80200534        0     1                 
8020053a 8020053a        0     1                 
8020053a 8020053a        0     1                 
80200550 80200550        0     1                 
80200550 80200550        0     1                 
80200616 80200616        0     1                 
80200616 80200616        0     1                 
8020061e 8020061e        0     1                 
80200622 80200622        0     1                 
80200628 80200628        0     1                 
8020062e 8020062e        0     1                 
80200636 80200636        0     1                 
8020063a 8020063a        0     1                 
8020063e 8020063e        0     1                 
80200646 80200646        0     1                 
8020064a 8020064a        0     1                 
80200652 80200652        0     1                 
80200652 80200652        0     1                 
80200664 80200664        0     1                 
80200664 80200664        0     1                 
8020066a 8020066a        0     1                 
80200670 80200670        0     1                 
80200670 80200670        0     1                 
80200686 80200686        0     1                 
80200686 80200686        0     1                 
8020068a 8020068a        0     1                 
80200690 80200690        0     1                 
80200698 80200698        0     1                 
802006a0 802006a0        0     1                 
802006a4 802006a4        0     1                 
802006a8 802006a8        0     1                 
802006b4 802006b4        0     1                 
802006bc 802006bc        0     1                 
802006bc 802006bc        0     1                 
802006ce 802006ce        0     1                 
802006ce 802006ce        0     1                 
802006d4 802006d4        0     1                 
802006da 802006da        0     1                 
802006f4 802006f4        0     1                 
802006f4 802006f4        0     1                 
80200706 80200706        0     1                 
80200706 80200706        0     1                 
80200708 80200708        0     1                 
8020070e 8020070e        0     1                 
8020070e 8020070e        0     1                 
80200712 80200712        0     1                 
80200712 80200712        0     1                 
80200724 80200724        0     1                 
80200724 80200724        0     1                 
8020072c 8020072c        0     1                 
8020072e 8020072e        0     1                 
80200734 80200734        0     1                 
80200734 80200734        0     1                 
8020074a 8020074a        0     1                 
8020074a 8020074a        0     1                 
80200760 80200760        0     1                 
80200760 80200760        0     1                 
80200766 80200766        0     1                 
80200768 80200768        0     1                 
8020076e 8020076e        0     1                 
80200774 80200774        0     1                 
8020077c 8020077c        0     1                 
80200780 80200780        0     1                 
80200784 80200784        0     1                 
8020078c 8020078c        0     1                 
80200790 80200790        0     1                 
80200798 80200798        0     1                 
80200798 80200798        0     1                 
802007aa 802007aa        0     1                 
802007aa 802007aa        0     1                 
802007b0 802007b0        0     1                 
802007b6 802007b6        0     1                 
802007be 802007be        0     1                 
802007be 802007be        0     1                 
802007c2 802007c2        0     1                 
802007c2 802007c2        0     1                 
802007d4 802007d4        0     1                 
802007d4 802007d4        0     1                 
802007dc 802007dc        0     1                 
802007de 802007de        0     1                 
802007e2 802007e2        0     1                 
802007e2 802007e2        0     1                 
802007e8 802007e8        0     1                 
802007ea 802007ea        0     1                 
802007f0 802007f0        0     1                 
802007f6 802007f6        0     1                 
802007fe 802007fe        0     1                 
80200802 80200802        0     1                 
80200806 80200806        0     1                 
8020080e 8020080e        0     1                 
80200812 80200812        0     1                 
8020081a 8020081a        0     1                 
8020081a 8020081a        0     1                 
8020082c 8020082c        0     1                 
8020082c 8020082c        0     1                 
80200832 80200832        0     1                 
80200838 80200838        0     1                 
80200838 80200838        0     1                 
8020084e 8020084e        0     1                 
80200850 80200850        0     1                 
80200850 80200850        0     1                 
80200866 80200866        0     1                 
80200866 80200866        0     1                 
80200914 80200914        0     1                 
80200914 80200914        0     1                 
8020091c 8020091c        0     1                 
8020091c 8020091c        0     1                 
8020091e 8020091e        0     1                 
80200924 80200924        0     1                 
8020092a 8020092a        0     1                 
80200932 80200932        0     1                 
80200936 80200936        0     1                 
8020093a 8020093a        0     1                 
80200942 80200942        0     1                 
80200946 80200946        0     1                 
8020094e 8020094e        0     1                 
8020094e 8020094e        0     1                 
80200960 80200960        0     1                 
80200960 80200960        0     1                 
80200966 80200966        0     1                 
8020096c 8020096c        0     1                 
8020096c 8020096c        0     1                 
80200982 80200982        0     1                 
80200982 80200982        0     1                 
80200a1a 80200a1a        0     1                 
80200a1c 80200a1c        0     1                 
80200a1c 80200a1c        0     1                 
80200a20 80200a20        0     1                 
80200a22 80200a22        0     1                 
80200a26 80200a26        0     1                 
80200a2a 80200a2a        0     1                 
80200a2e 80200a2e        0     1                 
80200a2e 80200a2e        0     1                 
80200a32 80200a32        0     1                 
80200a32 80200a32        0     1                 
80200a44 80200a44        0     1                 
80200a44 80200a44        0     1                 
80200a48 80200a48        0     1                 
80200a4e 80200a4e        0     1                 
80200a4e 80200a4e        0     1                 
80200a50 80200a50       e1     4 .rodata
80200a50 80200a50       e1     1         <internal>:(.rodata)
80200b34 80200b34        0     4 .bss
80200b34 80200b34        0     1         __bss = .
80200b34 80200b34        0     1         __bss_end = .
80200b34 80200b34        0     1 . = ALIGN ( 4 )
80200b34 80200b34    20000     1 . += 128 * 1024
80220b34 80220b34        0     1 __stack_top = .
       0        0      f40     1 .debug_loclists
       0        0      f40     1         /tmp/kernel-d4eef3.o:(.debug_loclists)
       c        c        0     1                 
       0        0      1ae     1 .debug_abbrev
       0        0      1ae     1         /tmp/kernel-d4eef3.o:(.debug_abbrev)
       0        0     1926     1 .debug_info
       0        0     1926     1         /tmp/kernel-d4eef3.o:(.debug_info)
       0        0       8f     1 .debug_rnglists
       0        0       8f     1         /tmp/kernel-d4eef3.o:(.debug_rnglists)
       c        c        0     1                 
       0        0       c4     1 .debug_str_offsets
       0        0       c4     1         /tmp/kernel-d4eef3.o:(.debug_str_offsets)
       8        8        0     1                 
       0        0      14b     1 .debug_str
       0        0      14b     1         <internal>:(.debug_str)
       0        0       fc     1 .debug_addr
       0        0       fc     1         /tmp/kernel-d4eef3.o:(.debug_addr)
       8        8        0     1                 
       0        0       42     1 .comment
       0        0       42     1         <internal>:(.comment)
       0        0       2b     1 .riscv.attributes
       0        0       2b     1         /tmp/kernel-d4eef3.o:(.riscv.attributes)
       0        0       d0     4 .debug_frame
       0        0       d0     4         /tmp/kernel-d4eef3.o:(.debug_frame)
       0        0        0     1                 
       0        0      762     1 .debug_line
       0        0      762     1         /tmp/kernel-d4eef3.o:(.debug_line)
       0        0        0     1                 .Lline_table_start0
       0        0       30     1 .debug_line_str
       0        0       30     1         <internal>:(.debug_line_str)
       0        0     1a00     4 .symtab
       0        0     1a00     4         <internal>:(.symtab)
       0        0       d6     1 .shstrtab
       0        0       d6     1         <internal>:(.shstrtab)
       0        0       8c     1 .strtab
       0        0       8c     1         <internal>:(.strtab)
